16:21:13 **** Incremental Build of configuration Debug for project LEDBlinking ****
make -j20 all 
arm-none-eabi-gcc "../Core/Src/main.c" -mcpu=cortex-m4 -std=gnu11 -g3 -DDEBUG -DUSE_HAL_DRIVER -DSTM32F469xx -c -I../Core/Inc -I../FATFS/Target -I../FATFS/App -I../USB_HOST/App -I../USB_HOST/Target -I../Drivers/STM32F4xx_HAL_Driver/Inc -I../Drivers/STM32F4xx_HAL_Driver/Inc/Legacy -I../Middlewares/Third_Party/FreeRTOS/Source/include -I../Middlewares/Third_Party/FreeRTOS/Source/CMSIS_RTOS -I../Middlewares/Third_Party/FreeRTOS/Source/portable/GCC/ARM_CM4F -I../Middlewares/Third_Party/FatFs/src -I../Middlewares/ST/STM32_USB_Host_Library/Core/Inc -I../Middlewares/ST/STM32_USB_Host_Library/Class/CDC/Inc -I../Drivers/CMSIS/Device/ST/STM32F4xx/Include -I../Drivers/CMSIS/Include -O0 -ffunction-sections -fdata-sections -Wall -fstack-usage -fcyclomatic-complexity -MMD -MP -MF"Core/Src/main.d" -MT"Core/Src/main.o" --specs=nano.specs -mfpu=fpv4-sp-d16 -mfloat-abi=hard -mthumb -o "Core/Src/main.o"
../Core/Src/main.c:804:13: warning: 'MX_FMC_Init' defined but not used [-Wunused-function]
  804 | static void MX_FMC_Init(void)
      |             ^~~~~~~~~~~
../Core/Src/main.c:775:13: warning: 'MX_USART6_UART_Init' defined but not used [-Wunused-function]
  775 | static void MX_USART6_UART_Init(void)
      |             ^~~~~~~~~~~~~~~~~~~
../Core/Src/main.c:742:13: warning: 'MX_USART3_UART_Init' defined but not used [-Wunused-function]
  742 | static void MX_USART3_UART_Init(void)
      |             ^~~~~~~~~~~~~~~~~~~
../Core/Src/main.c:696:13: warning: 'MX_TIM1_Init' defined but not used [-Wunused-function]
  696 | static void MX_TIM1_Init(void)
      |             ^~~~~~~~~~~~
../Core/Src/main.c:668:13: warning: 'MX_SDIO_SD_Init' defined but not used [-Wunused-function]
  668 | static void MX_SDIO_SD_Init(void)
      |             ^~~~~~~~~~~~~~~
../Core/Src/main.c:618:13: warning: 'MX_SAI1_Init' defined but not used [-Wunused-function]
  618 | static void MX_SAI1_Init(void)
      |             ^~~~~~~~~~~~
../Core/Src/main.c:583:13: warning: 'MX_QUADSPI_Init' defined but not used [-Wunused-function]
  583 | static void MX_QUADSPI_Init(void)
      |             ^~~~~~~~~~~~~~~
../Core/Src/main.c:521:13: warning: 'MX_LTDC_Init' defined but not used [-Wunused-function]
  521 | static void MX_LTDC_Init(void)
      |             ^~~~~~~~~~~~
../Core/Src/main.c:487:13: warning: 'MX_I2C2_Init' defined but not used [-Wunused-function]
  487 | static void MX_I2C2_Init(void)
      |             ^~~~~~~~~~~~
../Core/Src/main.c:453:13: warning: 'MX_I2C1_Init' defined but not used [-Wunused-function]
  453 | static void MX_I2C1_Init(void)
      |             ^~~~~~~~~~~~
../Core/Src/main.c:344:13: warning: 'MX_DSIHOST_DSI_Init' defined but not used [-Wunused-function]
  344 | static void MX_DSIHOST_DSI_Init(void)
      |             ^~~~~~~~~~~~~~~~~~~
../Core/Src/main.c:307:13: warning: 'MX_DMA2D_Init' defined but not used [-Wunused-function]
  307 | static void MX_DMA2D_Init(void)
      |             ^~~~~~~~~~~~~
../Core/Src/main.c:281:13: warning: 'MX_CRC_Init' defined but not used [-Wunused-function]
  281 | static void MX_CRC_Init(void)
      |             ^~~~~~~~~~~
arm-none-eabi-gcc -o "LEDBlinking.elf" @"objects.list"   -mcpu=cortex-m4 -T"C:\Users\fcvaz\dev\mastering_mcu\fundamentals\LEDBlinking\STM32F469NIHX_FLASH.ld" --specs=nosys.specs -Wl,-Map="LEDBlinking.map" -Wl,--gc-sections -static --specs=nano.specs -mfpu=fpv4-sp-d16 -mfloat-abi=hard -mthumb -Wl,--start-group -lc -lm -Wl,--end-group
Finished building target: LEDBlinking.elf
 
arm-none-eabi-size   LEDBlinking.elf 
arm-none-eabi-objdump -h -S  LEDBlinking.elf  > "LEDBlinking.list"
   text	   data	    bss	    dec	    hex	filename
  22620	     24	   2912	  25556	   63d4	LEDBlinking.elf
Finished building: default.size.stdout
 
Finished building: LEDBlinking.list
 
16:31:18 **** Incremental Build of configuration Debug for project LEDBlinking ****
make -j20 all 
arm-none-eabi-size   LEDBlinking.elf 
   text	   data	    bss	    dec	    hex	filename
  22620	     24	   2912	  25556	   63d4	LEDBlinking.elf
Finished building: default.size.stdout
 
16:33:37 **** Incremental Build of configuration Debug for project LEDBlinking ****
make -j20 all 
arm-none-eabi-gcc "../Core/Src/main.c" -mcpu=cortex-m4 -std=gnu11 -g3 -DDEBUG -DUSE_HAL_DRIVER -DSTM32F469xx -c -I../Core/Inc -I../FATFS/Target -I../FATFS/App -I../USB_HOST/App -I../USB_HOST/Target -I../Drivers/STM32F4xx_HAL_Driver/Inc -I../Drivers/STM32F4xx_HAL_Driver/Inc/Legacy -I../Middlewares/Third_Party/FreeRTOS/Source/include -I../Middlewares/Third_Party/FreeRTOS/Source/CMSIS_RTOS -I../Middlewares/Third_Party/FreeRTOS/Source/portable/GCC/ARM_CM4F -I../Middlewares/Third_Party/FatFs/src -I../Middlewares/ST/STM32_USB_Host_Library/Core/Inc -I../Middlewares/ST/STM32_USB_Host_Library/Class/CDC/Inc -I../Drivers/CMSIS/Device/ST/STM32F4xx/Include -I../Drivers/CMSIS/Include -O0 -ffunction-sections -fdata-sections -Wall -fstack-usage -fcyclomatic-complexity -MMD -MP -MF"Core/Src/main.d" -MT"Core/Src/main.o" --specs=nano.specs -mfpu=fpv4-sp-d16 -mfloat-abi=hard -mthumb -o "Core/Src/main.o"
../Core/Src/main.c:804:13: warning: 'MX_FMC_Init' defined but not used [-Wunused-function]
  804 | static void MX_FMC_Init(void)
      |             ^~~~~~~~~~~
../Core/Src/main.c:775:13: warning: 'MX_USART6_UART_Init' defined but not used [-Wunused-function]
  775 | static void MX_USART6_UART_Init(void)
      |             ^~~~~~~~~~~~~~~~~~~
../Core/Src/main.c:742:13: warning: 'MX_USART3_UART_Init' defined but not used [-Wunused-function]
  742 | static void MX_USART3_UART_Init(void)
      |             ^~~~~~~~~~~~~~~~~~~
../Core/Src/main.c:696:13: warning: 'MX_TIM1_Init' defined but not used [-Wunused-function]
  696 | static void MX_TIM1_Init(void)
      |             ^~~~~~~~~~~~
../Core/Src/main.c:668:13: warning: 'MX_SDIO_SD_Init' defined but not used [-Wunused-function]
  668 | static void MX_SDIO_SD_Init(void)
      |             ^~~~~~~~~~~~~~~
../Core/Src/main.c:618:13: warning: 'MX_SAI1_Init' defined but not used [-Wunused-function]
  618 | static void MX_SAI1_Init(void)
      |             ^~~~~~~~~~~~
../Core/Src/main.c:583:13: warning: 'MX_QUADSPI_Init' defined but not used [-Wunused-function]
  583 | static void MX_QUADSPI_Init(void)
      |             ^~~~~~~~~~~~~~~
../Core/Src/main.c:521:13: warning: 'MX_LTDC_Init' defined but not used [-Wunused-function]
  521 | static void MX_LTDC_Init(void)
      |             ^~~~~~~~~~~~
../Core/Src/main.c:487:13: warning: 'MX_I2C2_Init' defined but not used [-Wunused-function]
  487 | static void MX_I2C2_Init(void)
      |             ^~~~~~~~~~~~
../Core/Src/main.c:453:13: warning: 'MX_I2C1_Init' defined but not used [-Wunused-function]
  453 | static void MX_I2C1_Init(void)
      |             ^~~~~~~~~~~~
../Core/Src/main.c:344:13: warning: 'MX_DSIHOST_DSI_Init' defined but not used [-Wunused-function]
  344 | static void MX_DSIHOST_DSI_Init(void)
      |             ^~~~~~~~~~~~~~~~~~~
../Core/Src/main.c:307:13: warning: 'MX_DMA2D_Init' defined but not used [-Wunused-function]
  307 | static void MX_DMA2D_Init(void)
      |             ^~~~~~~~~~~~~
../Core/Src/main.c:281:13: warning: 'MX_CRC_Init' defined but not used [-Wunused-function]
  281 | static void MX_CRC_Init(void)
      |             ^~~~~~~~~~~
arm-none-eabi-gcc -o "LEDBlinking.elf" @"objects.list"   -mcpu=cortex-m4 -T"C:\Users\fcvaz\dev\mastering_mcu\fundamentals\LEDBlinking\STM32F469NIHX_FLASH.ld" --specs=nosys.specs -Wl,-Map="LEDBlinking.map" -Wl,--gc-sections -static --specs=nano.specs -mfpu=fpv4-sp-d16 -mfloat-abi=hard -mthumb -Wl,--start-group -lc -lm -Wl,--end-group
Finished building target: LEDBlinking.elf
 
arm-none-eabi-size   LEDBlinking.elf 
arm-none-eabi-objdump -h -S  LEDBlinking.elf  > "LEDBlinking.list"
   text	   data	    bss	    dec	    hex	filename
  22620	     24	   2912	  25556	   63d4	LEDBlinking.elf
Finished building: default.size.stdout
 
Finished building: LEDBlinking.list
 
16:34:43 **** Incremental Build of configuration Debug for project LEDBlinking ****
make -j20 all 
arm-none-eabi-gcc "../Core/Src/main.c" -mcpu=cortex-m4 -std=gnu11 -g3 -DDEBUG -DUSE_HAL_DRIVER -DSTM32F469xx -c -I../Core/Inc -I../FATFS/Target -I../FATFS/App -I../USB_HOST/App -I../USB_HOST/Target -I../Drivers/STM32F4xx_HAL_Driver/Inc -I../Drivers/STM32F4xx_HAL_Driver/Inc/Legacy -I../Middlewares/Third_Party/FreeRTOS/Source/include -I../Middlewares/Third_Party/FreeRTOS/Source/CMSIS_RTOS -I../Middlewares/Third_Party/FreeRTOS/Source/portable/GCC/ARM_CM4F -I../Middlewares/Third_Party/FatFs/src -I../Middlewares/ST/STM32_USB_Host_Library/Core/Inc -I../Middlewares/ST/STM32_USB_Host_Library/Class/CDC/Inc -I../Drivers/CMSIS/Device/ST/STM32F4xx/Include -I../Drivers/CMSIS/Include -O0 -ffunction-sections -fdata-sections -Wall -fstack-usage -fcyclomatic-complexity -MMD -MP -MF"Core/Src/main.d" -MT"Core/Src/main.o" --specs=nano.specs -mfpu=fpv4-sp-d16 -mfloat-abi=hard -mthumb -o "Core/Src/main.o"
../Core/Src/main.c:804:13: warning: 'MX_FMC_Init' defined but not used [-Wunused-function]
  804 | static void MX_FMC_Init(void)
      |             ^~~~~~~~~~~
../Core/Src/main.c:775:13: warning: 'MX_USART6_UART_Init' defined but not used [-Wunused-function]
  775 | static void MX_USART6_UART_Init(void)
      |             ^~~~~~~~~~~~~~~~~~~
../Core/Src/main.c:742:13: warning: 'MX_USART3_UART_Init' defined but not used [-Wunused-function]
  742 | static void MX_USART3_UART_Init(void)
      |             ^~~~~~~~~~~~~~~~~~~
../Core/Src/main.c:696:13: warning: 'MX_TIM1_Init' defined but not used [-Wunused-function]
  696 | static void MX_TIM1_Init(void)
      |             ^~~~~~~~~~~~
../Core/Src/main.c:668:13: warning: 'MX_SDIO_SD_Init' defined but not used [-Wunused-function]
  668 | static void MX_SDIO_SD_Init(void)
      |             ^~~~~~~~~~~~~~~
../Core/Src/main.c:618:13: warning: 'MX_SAI1_Init' defined but not used [-Wunused-function]
  618 | static void MX_SAI1_Init(void)
      |             ^~~~~~~~~~~~
../Core/Src/main.c:583:13: warning: 'MX_QUADSPI_Init' defined but not used [-Wunused-function]
  583 | static void MX_QUADSPI_Init(void)
      |             ^~~~~~~~~~~~~~~
../Core/Src/main.c:521:13: warning: 'MX_LTDC_Init' defined but not used [-Wunused-function]
  521 | static void MX_LTDC_Init(void)
      |             ^~~~~~~~~~~~
../Core/Src/main.c:487:13: warning: 'MX_I2C2_Init' defined but not used [-Wunused-function]
  487 | static void MX_I2C2_Init(void)
      |             ^~~~~~~~~~~~
../Core/Src/main.c:453:13: warning: 'MX_I2C1_Init' defined but not used [-Wunused-function]
  453 | static void MX_I2C1_Init(void)
      |             ^~~~~~~~~~~~
../Core/Src/main.c:344:13: warning: 'MX_DSIHOST_DSI_Init' defined but not used [-Wunused-function]
  344 | static void MX_DSIHOST_DSI_Init(void)
      |             ^~~~~~~~~~~~~~~~~~~
../Core/Src/main.c:307:13: warning: 'MX_DMA2D_Init' defined but not used [-Wunused-function]
  307 | static void MX_DMA2D_Init(void)
      |             ^~~~~~~~~~~~~
../Core/Src/main.c:281:13: warning: 'MX_CRC_Init' defined but not used [-Wunused-function]
  281 | static void MX_CRC_Init(void)
      |             ^~~~~~~~~~~
arm-none-eabi-gcc -o "LEDBlinking.elf" @"objects.list"   -mcpu=cortex-m4 -T"C:\Users\fcvaz\dev\mastering_mcu\fundamentals\LEDBlinking\STM32F469NIHX_FLASH.ld" --specs=nosys.specs -Wl,-Map="LEDBlinking.map" -Wl,--gc-sections -static --specs=nano.specs -mfpu=fpv4-sp-d16 -mfloat-abi=hard -mthumb -Wl,--start-group -lc -lm -Wl,--end-group
Finished building target: LEDBlinking.elf
 
arm-none-eabi-size   LEDBlinking.elf 
arm-none-eabi-objdump -h -S  LEDBlinking.elf  > "LEDBlinking.list"
   text	   data	    bss	    dec	    hex	filename
  22620	     24	   2912	  25556	   63d4	LEDBlinking.elf
Finished building: default.size.stdout
 
Finished building: LEDBlinking.list
 
